first call[s],last call[s],count,scenario node
0,0,1,POST ^/initialize$
5,65,65993,POST ^/api/condition/[^/]+$
5,65,491,POST ^/api/auth$
5,63,51,GET ^/api/trend$
5,65,49,POST ^/api/signout$
5,64,47,POST ^/api/auth$ -> GET ^/api/isu/[^/]+$ -> GET ^/api/isu/[^/]+/icon$ -> (GET ^/api/isu/[^/]+/graph$)* -> (GET ^/api/condition/[^/]+$)*
5,65,21,(GET ^/$ -> (GET /assets/*)* -> GET ^/api/trend$)*
5,7,4,GET ^/$ -> (GET /assets/*)* -> GET ^/$ -> POST ^/api/auth$ -> GET ^/api/user/me$ -> GET ^/api/isu$ -> (POST ^/api/isu$ -> GET ^/api/isu/[^/]+$ -> GET ^/api/isu/[^/]+/icon$)* -> (GET ^/api/isu$ -> (GET ^/api/isu/[^/]+/icon$)* -> GET ^/api/isu/[^/]+$ -> GET ^/api/isu/[^/]+/icon$ -> (GET ^/api/condition/[^/]+$)*)* -> POST ^/api/signout$ -> GET ^/api/user/me$
5,14,2,GET ^/$ -> (GET /assets/*)* -> GET ^/$ -> POST ^/api/auth$ -> GET ^/api/user/me$ -> GET ^/api/isu$ -> (POST ^/api/isu$ -> GET ^/api/isu/[^/]+$ -> GET ^/api/isu/[^/]+/icon$)* -> (GET ^/api/isu$ -> (GET ^/api/isu/[^/]+/icon$)* -> GET ^/api/isu/[^/]+$ -> GET ^/api/isu/[^/]+/icon$ -> (GET ^/api/condition/[^/]+$)*)* -> GET ^/api/isu$ -> (GET ^/api/isu/[^/]+/icon$)* -> GET ^/api/isu/[^/]+$ -> GET ^/api/isu/[^/]+/icon$ -> ((GET ^/api/isu/[^/]+/graph$)* -> ((GET ^/api/condition/[^/]+$)* -> GET ^/api/isu$ -> (GET ^/api/isu/[^/]+/icon$)* -> GET ^/api/isu/[^/]+$ -> GET ^/api/isu/[^/]+/icon$)*)* -> (GET ^/api/condition/[^/]+$)* -> POST ^/api/signout$ -> GET ^/api/user/me$
5,5,2,GET ^/$ -> (GET /assets/*)* -> GET ^/$ -> POST ^/api/auth$ -> GET ^/api/user/me$ -> GET ^/$ -> (GET /assets/*)* -> GET ^/api/isu$ -> (GET ^/isu/[^/]+$ -> (GET /assets/*)* -> GET ^/api/isu/[^/]+$ -> (GET ^/api/isu/[^/]+/icon$)* -> GET ^/isu/[^/]+/graph$ -> (GET /assets/*)* -> (GET ^/api/isu/[^/]+/graph$)* -> (GET ^/isu/[^/]+/condition$ -> (GET /assets/*)* -> GET ^/api/condition/[^/]+$)*)* -> (POST ^/api/signout$)*
5,5,1,GET ^/api/user/me$ -> GET ^/api/isu$ -> GET ^/api/isu/[^/]+$ -> GET ^/api/isu/[^/]+/icon$ -> GET ^/api/isu/[^/]+/graph$ -> GET ^/api/condition/[^/]+$ -> POST ^/api/isu$
5,5,1,GET ^/$ -> POST ^/api/auth$ -> GET ^/api/isu/[^/]+$ -> GET ^/api/isu/[^/]+/icon$ -> (GET ^/api/isu/[^/]+/graph$)* -> (GET ^/api/condition/[^/]+$)* -> (GET /register -> (GET /assets/*)* -> POST ^/api/isu$ -> (GET ^/api/isu/[^/]+$ -> GET ^/api/isu/[^/]+/icon$)*)* -> (POST ^/api/isu$)* -> GET /register -> (GET /assets/*)* -> POST ^/api/isu$ -> GET ^/api/isu/[^/]+$ -> GET ^/api/isu/[^/]+/icon$ -> GET ^/api/condition/[^/]+$
5,8,1,GET ^/$ -> (GET /assets/*)* -> GET ^/$ -> POST ^/api/auth$ -> GET ^/api/user/me$ -> GET ^/api/isu$ -> (POST ^/api/isu$ -> GET ^/api/isu/[^/]+$ -> GET ^/api/isu/[^/]+/icon$)* -> (GET ^/api/isu$ -> (GET ^/api/isu/[^/]+/icon$)* -> GET ^/api/isu/[^/]+$ -> GET ^/api/isu/[^/]+/icon$ -> (GET ^/api/condition/[^/]+$)*)* -> GET ^/api/isu$ -> (GET ^/api/isu/[^/]+/icon$)* -> GET ^/api/isu/[^/]+$ -> GET ^/api/isu/[^/]+/icon$ -> (GET ^/api/isu/[^/]+/graph$)* -> ((GET ^/api/condition/[^/]+$)* -> GET ^/api/isu$ -> (GET ^/api/isu/[^/]+/icon$)* -> GET ^/api/isu/[^/]+$ -> GET ^/api/isu/[^/]+/icon$)* -> (GET ^/api/isu/[^/]+/graph$)* -> GET ^/api/condition/[^/]+$ -> POST ^/api/signout$ -> GET ^/api/user/me$
5,65,1,GET ^/$ -> (GET /assets/*)* -> GET ^/$ -> POST ^/api/auth$ -> GET ^/api/user/me$ -> GET ^/$ -> (GET /assets/*)* -> GET ^/api/isu$ -> GET ^/api/isu/[^/]+$ -> GET ^/api/isu/[^/]+/icon$ -> GET ^/api/isu/[^/]+/graph$ -> GET ^/api/condition/[^/]+$ -> POST ^/api/isu$ -> (GET ^/$ -> (GET /assets/*)* -> GET ^/api/isu$ -> GET ^/api/isu/[^/]+$ -> GET ^/api/isu/[^/]+/icon$ -> GET ^/api/isu/[^/]+/graph$ -> GET ^/api/condition/[^/]+$)* -> GET ^/$ -> (GET /assets/*)* -> GET ^/api/isu$
6,52,7,GET ^/$ -> (GET /assets/*)* -> GET ^/$ -> POST ^/api/auth$ -> GET ^/api/user/me$ -> ((GET ^/api/condition/[^/]+$)* -> GET ^/api/isu$ -> (GET ^/api/isu/[^/]+/icon$)* -> GET ^/api/isu/[^/]+$ -> GET ^/api/isu/[^/]+/icon$)* -> (GET ^/api/condition/[^/]+$)* -> POST ^/api/signout$ -> GET ^/api/user/me$
6,19,4,GET ^/$ -> (GET /assets/*)* -> GET ^/$ -> POST ^/api/auth$ -> GET ^/api/user/me$ -> GET ^/api/isu$ -> (GET ^/api/isu/[^/]+/icon$)* -> GET ^/api/isu/[^/]+$ -> GET ^/api/isu/[^/]+/icon$ -> (GET ^/api/isu/[^/]+/graph$)* -> GET ^/api/condition/[^/]+$ -> POST ^/api/signout$ -> GET ^/api/user/me$
6,11,1,GET ^/$ -> (GET /assets/*)* -> GET ^/$ -> POST ^/api/auth$ -> GET ^/api/user/me$ -> GET ^/api/isu$ -> (GET ^/api/isu/[^/]+/icon$)* -> GET ^/api/isu/[^/]+$ -> GET ^/api/isu/[^/]+/icon$ -> ((GET ^/api/isu/[^/]+/graph$)* -> ((GET ^/api/condition/[^/]+$)* -> GET ^/api/isu$ -> (GET ^/api/isu/[^/]+/icon$)* -> GET ^/api/isu/[^/]+$ -> GET ^/api/isu/[^/]+/icon$)*)* -> (GET ^/api/isu/[^/]+/graph$)* -> GET ^/api/condition/[^/]+$ -> POST ^/api/signout$ -> GET ^/api/user/me$
6,65,1,(GET ^/api/user/me$ -> GET ^/api/isu$ -> GET ^/api/isu/[^/]+$ -> GET ^/api/isu/[^/]+/icon$ -> GET ^/api/isu/[^/]+/graph$ -> GET ^/api/condition/[^/]+$)* -> GET ^/api/user/me$
7,60,7,GET ^/$ -> (GET /assets/*)* -> GET ^/$ -> POST ^/api/auth$ -> GET ^/api/user/me$ -> GET ^/api/isu$ -> (GET ^/api/isu/[^/]+/icon$)* -> GET ^/api/isu/[^/]+$ -> GET ^/api/isu/[^/]+/icon$ -> (GET ^/api/isu/[^/]+/graph$)* -> ((GET ^/api/condition/[^/]+$)* -> GET ^/api/isu$ -> (GET ^/api/isu/[^/]+/icon$)* -> GET ^/api/isu/[^/]+$ -> GET ^/api/isu/[^/]+/icon$)* -> (GET ^/api/condition/[^/]+$)* -> POST ^/api/signout$ -> GET ^/api/user/me$
7,63,7,GET ^/$ -> (GET /assets/*)* -> GET ^/$ -> POST ^/api/auth$ -> GET ^/api/user/me$ -> GET ^/api/condition/[^/]+$ -> POST ^/api/signout$ -> GET ^/api/user/me$
7,65,1,(GET ^/$ -> (GET /assets/*)* -> GET ^/api/trend$)* -> GET ^/$ -> (GET /assets/*)*
8,60,8,GET ^/$ -> (GET /assets/*)* -> GET ^/$ -> POST ^/api/auth$ -> GET ^/api/user/me$ -> (GET ^/api/isu$ -> (GET ^/api/isu/[^/]+/icon$)* -> GET ^/api/isu/[^/]+$ -> GET ^/api/isu/[^/]+/icon$ -> (GET ^/api/condition/[^/]+$)*)* -> POST ^/api/signout$ -> GET ^/api/user/me$
11,49,2,GET ^/$ -> (GET /assets/*)* -> GET ^/$ -> POST ^/api/auth$ -> GET ^/api/user/me$ -> (GET ^/api/isu$ -> (GET ^/api/isu/[^/]+/icon$)* -> GET ^/api/isu/[^/]+$ -> GET ^/api/isu/[^/]+/icon$ -> (GET ^/api/condition/[^/]+$)*)* -> GET ^/api/isu$ -> (GET ^/api/isu/[^/]+/icon$)* -> GET ^/api/isu/[^/]+$ -> GET ^/api/isu/[^/]+/icon$ -> ((GET ^/api/isu/[^/]+/graph$)* -> ((GET ^/api/condition/[^/]+$)* -> GET ^/api/isu$ -> (GET ^/api/isu/[^/]+/icon$)* -> GET ^/api/isu/[^/]+$ -> GET ^/api/isu/[^/]+/icon$)*)* -> GET ^/api/condition/[^/]+$ -> POST ^/api/signout$ -> GET ^/api/user/me$
14,65,2,GET ^/$ -> (GET /assets/*)* -> GET ^/$ -> POST ^/api/auth$ -> GET ^/api/user/me$ -> GET ^/api/condition/[^/]+$ -> GET ^/api/isu$ -> (GET ^/api/isu/[^/]+/icon$)* -> GET ^/api/isu/[^/]+$ -> GET ^/api/isu/[^/]+/icon$ -> (GET ^/api/condition/[^/]+$)*
24,24,1,GET ^/$
40,65,4,GET ^/$ -> (GET /assets/*)* -> GET ^/$ -> POST ^/api/auth$ -> GET ^/api/user/me$ -> GET ^/api/isu$ -> (GET ^/api/isu/[^/]+/icon$)* -> GET ^/api/isu/[^/]+$ -> GET ^/api/isu/[^/]+/icon$ -> ((GET ^/api/isu/[^/]+/graph$)* -> ((GET ^/api/condition/[^/]+$)* -> GET ^/api/isu$ -> (GET ^/api/isu/[^/]+/icon$)* -> GET ^/api/isu/[^/]+$ -> GET ^/api/isu/[^/]+/icon$)*)* -> (GET ^/api/condition/[^/]+$)*
63,65,1,GET ^/$ -> (GET /assets/*)* -> GET ^/$ -> POST ^/api/auth$ -> GET ^/api/user/me$ -> GET ^/api/isu$ -> (GET ^/api/isu/[^/]+/icon$)* -> GET ^/api/isu/[^/]+$ -> GET ^/api/isu/[^/]+/icon$ -> (GET ^/api/condition/[^/]+$)*
