---
title: stool transition
---
stateDiagram-v2
direction TB
	[*]
	s1 : GET /assets/* Call 65,292 (40.48%)
	s2 : GET /register Call 3 (0%)
	s3 : GET ^/$ Call 10,918 (6.77%)
	s4 : GET ^/api/condition/[^/]+$ Call 4,489 (2.78%)
	s5 : GET ^/api/isu$ Call 283 (0.17%)
	s6 : GET ^/api/isu/[^/]+$ Call 380 (0.23%)
	s7 : GET ^/api/isu/[^/]+/graph$ Call 594 (0.36%)
	s8 : GET ^/api/isu/[^/]+/icon$ Call 1,584 (0.98%)
	s9 : GET ^/api/trend$ Call 10,809 (6.7%)
	s10 : GET ^/api/user/me$ Call 145 (0.08%)
	s11 : GET ^/isu/[^/]+$ Call 6 (0%)
	s12 : GET ^/isu/[^/]+/condition$ Call 18 (0.01%)
	s13 : GET ^/isu/[^/]+/graph$ Call 6 (0%)
	s14 : POST ^/api/auth$ Call 592 (0.36%)
	s15 : POST ^/api/condition/[^/]+$ Call 65,993 (40.92%)
	s16 : POST ^/api/isu$ Call 55 (0.03%)
	s17 : POST ^/api/signout$ Call 96 (0.05%)
	s18 : POST ^/initialize$ Call 1 (0%)
	[*] --> s3: 77
	[*] --> s9: 51
	[*] --> s10: 2
	[*] --> s14: 538
	[*] --> s15: 65993
	[*] --> s17: 49
	[*] --> s18: 1
	s1 --> [*]: 1
	s1 --> s1: 54396
	s1 --> s3: 53
	s1 --> s4: 18
	s1 --> s5: 51
	s1 --> s6: 6
	s1 --> s7: 6
	s1 --> s9: 10758
	s1 --> s16: 3
	s2 --> s1: 3
	s3 --> [*]: 1
	s3 --> s1: 10863
	s3 --> s14: 54
	s4 --> [*]: 55
	s4 --> s2: 1
	s4 --> s3: 47
	s4 --> s4: 4149
	s4 --> s5: 127
	s4 --> s10: 47
	s4 --> s11: 4
	s4 --> s12: 12
	s4 --> s16: 2
	s4 --> s17: 45
	s5 --> [*]: 1
	s5 --> s6: 96
	s5 --> s8: 177
	s5 --> s11: 2
	s5 --> s16: 7
	s6 --> s8: 380
	s7 --> s4: 200
	s7 --> s7: 388
	s7 --> s12: 6
	s8 --> s2: 1
	s8 --> s4: 122
	s8 --> s5: 7
	s8 --> s6: 179
	s8 --> s7: 200
	s8 --> s8: 1027
	s8 --> s13: 6
	s8 --> s16: 42
	s9 --> [*]: 72
	s9 --> s3: 10737
	s10 --> [*]: 44
	s10 --> s3: 3
	s10 --> s5: 98
	s11 --> s1: 6
	s12 --> s1: 18
	s13 --> s1: 6
	s14 --> [*]: 491
	s14 --> s6: 48
	s14 --> s10: 53
	s15 --> [*]: 65993
	s16 --> [*]: 1
	s16 --> s2: 1
	s16 --> s3: 1
	s16 --> s6: 51
	s16 --> s16: 1
	s17 --> [*]: 51
	s17 --> s10: 43
	s17 --> s17: 2
	s18 --> [*]: 1
