| METHOD |          URI           |   0   |   13   |   26   |   39   |   52   | 65  |
|--------|------------------------|-------|--------|--------|--------|--------|-----|
| GET    | /assets/*              | 5,255 | 15,079 | 14,964 | 14,824 | 14,613 | 557 |
| GET    | /register              |     3 |      0 |      0 |      0 |      0 |   0 |
| GET    | ^/$                    |   877 |  2,527 |  2,499 |  2,480 |  2,442 |  93 |
| GET    | ^/api/condition/[^/]+$ |   520 |    999 |    968 |  1,023 |    935 |  44 |
| GET    | ^/api/isu$             |    96 |     67 |     45 |     37 |     37 |   1 |
| GET    | ^/api/isu/[^/]+$       |   154 |     78 |     55 |     47 |     46 |   0 |
| GET    | ^/api/isu/[^/]+/graph$ |    94 |    113 |    113 |    118 |    156 |   0 |
| GET    | ^/api/isu/[^/]+/icon$  |   634 |    387 |    221 |    160 |    182 |   0 |
| GET    | ^/api/trend$           |   823 |  2,507 |  2,487 |  2,465 |  2,427 | 100 |
| GET    | ^/api/user/me$         |    49 |     34 |     16 |     24 |     21 |   1 |
| GET    | ^/isu/[^/]+$           |     6 |      0 |      0 |      0 |      0 |   0 |
| GET    | ^/isu/[^/]+/condition$ |    18 |      0 |      0 |      0 |      0 |   0 |
| GET    | ^/isu/[^/]+/graph$     |     6 |      0 |      0 |      0 |      0 |   0 |
| POST   | ^/api/auth$            |   114 |    132 |    113 |    117 |    105 |  11 |
| POST   | ^/api/condition/[^/]+$ | 8,423 | 14,458 | 14,356 | 14,194 | 14,002 | 560 |
| POST   | ^/api/isu$             |    55 |      0 |      0 |      0 |      0 |   0 |
| POST   | ^/api/signout$         |    28 |     22 |     13 |     17 |     15 |   1 |
| POST   | ^/initialize$          |     1 |      0 |      0 |      0 |      0 |   0 |
